
> genhub@0.1.0 prebuild
> node scripts/inject-sw-env.js

[inject-sw-env] Starting environment variable injection...

⚠️  [inject-sw-env] WARNING: Missing Firebase environment variables:
   - NEXT_PUBLIC_FIREBASE_API_KEY
   - NEXT_PUBLIC_FIREBASE_AUTH_DOMAIN
   - NEXT_PUBLIC_FIREBASE_PROJECT_ID
   - NEXT_PUBLIC_FIREBASE_STORAGE_BUCKET
   - NEXT_PUBLIC_FIREBASE_MESSAGING_SENDER_ID
   - NEXT_PUBLIC_FIREBASE_APP_ID

Please add these variables to your .env.local file for push notifications to work.

Example:
NEXT_PUBLIC_FIREBASE_API_KEY=your-api-key
NEXT_PUBLIC_FIREBASE_AUTH_DOMAIN=your-project.firebaseapp.com
...

⚠️  [inject-sw-env] Continuing without Firebase configuration
⚠️  Push notifications will NOT work until Firebase is configured


> genhub@0.1.0 build
> next build

▲ Next.js 16.1.4 (Turbopack)
- Environments: .env.local
- Experiments (use with caution):
  · optimizePackageImports
  ✓ useCache

⚠ The "middleware" file convention is deprecated. Please use "proxy" instead. Learn more: https://nextjs.org/docs/messages/middleware-to-proxy
  Creating an optimized production build ...
⨯ ERROR: This build is using Turbopack, with a `webpack` config and no `turbopack` config.
   This may be a mistake.

   As of Next.js 16 Turbopack is enabled by default and
   custom webpack configurations may need to be migrated to Turbopack.

   NOTE: your `webpack` config may have been added by a configuration plugin.

   To configure Turbopack, see https://nextjs.org/docs/app/api-reference/next-config-js/turbopack

   TIP: Many applications work fine under Turbopack with no configuration,
   if that is the case for you, you can silence this error by passing the
   `--turbopack` or `--webpack` flag explicitly or simply setting an 
   empty turbopack config in your Next config file (e.g. `turbopack: {}`).

> Build error occurred
Error: Call retries were exceeded
    at ignore-listed frames {
  type: 'WorkerError'
}
